[2026-05-17T03:37:29.954+0000] {taskinstance.py:1956} INFO - Dependencies all met for dep_context=non-requeueable deps ti=<TaskInstance: dataset_consumes_1.consuming_1 manual__2026-05-17T03:37:25.116323+00:00 [queued]>
[2026-05-17T03:37:29.973+0000] {taskinstance.py:1956} INFO - Dependencies all met for dep_context=requeueable deps ti=<TaskInstance: dataset_consumes_1.consuming_1 manual__2026-05-17T03:37:25.116323+00:00 [queued]>
[2026-05-17T03:37:29.974+0000] {taskinstance.py:2170} INFO - Starting attempt 1 of 1
[2026-05-17T03:37:29.998+0000] {taskinstance.py:2191} INFO - Executing <Task(BashOperator): consuming_1> on 2026-05-17 03:37:25.116323+00:00
[2026-05-17T03:37:30.016+0000] {standard_task_runner.py:60} INFO - Started process 639 to run task
[2026-05-17T03:37:30.023+0000] {standard_task_runner.py:87} INFO - Running: ['***', 'tasks', 'run', 'dataset_consumes_1', 'consuming_1', 'manual__2026-05-17T03:37:25.116323+00:00', '--job-id', '3', '--raw', '--subdir', '/home/***/.local/lib/python3.8/site-packages/***/example_dags/example_datasets.py', '--cfg-path', '/tmp/tmp0na8ntt3']
[2026-05-17T03:37:30.028+0000] {standard_task_runner.py:88} INFO - Job 3: Subtask consuming_1
[2026-05-17T03:37:30.054+0000] {warnings.py:109} WARNING - /home/***/.local/lib/python3.8/site-packages/***/settings.py:194: DeprecationWarning: The sql_alchemy_conn option in [core] has been moved to the sql_alchemy_conn option in [database] - the old setting has been used, but please update your config.
  SQL_ALCHEMY_CONN = conf.get("database", "SQL_ALCHEMY_CONN")

[2026-05-17T03:37:30.113+0000] {task_command.py:423} INFO - Running <TaskInstance: dataset_consumes_1.consuming_1 manual__2026-05-17T03:37:25.116323+00:00 [running]> on host ad2d477bfc62
[2026-05-17T03:37:30.242+0000] {taskinstance.py:2480} INFO - Exporting env vars: AIRFLOW_CTX_DAG_OWNER='***' AIRFLOW_CTX_DAG_ID='dataset_consumes_1' AIRFLOW_CTX_TASK_ID='consuming_1' AIRFLOW_CTX_EXECUTION_DATE='2026-05-17T03:37:25.116323+00:00' AIRFLOW_CTX_TRY_NUMBER='1' AIRFLOW_CTX_DAG_RUN_ID='manual__2026-05-17T03:37:25.116323+00:00'
[2026-05-17T03:37:30.245+0000] {subprocess.py:63} INFO - Tmp dir root location: /tmp
[2026-05-17T03:37:30.246+0000] {subprocess.py:75} INFO - Running command: ['/usr/bin/bash', '-c', 'sleep 5']
[2026-05-17T03:37:30.270+0000] {subprocess.py:86} INFO - Output:
[2026-05-17T03:37:35.278+0000] {subprocess.py:97} INFO - Command exited with return code 0
[2026-05-17T03:37:35.307+0000] {warnings.py:109} WARNING - /home/***/.local/lib/python3.8/site-packages/***/models/baseoperator.py:1469: RemovedInAirflow3Warning: Passing 'execution_date' to 'TaskInstance.xcom_push()' is deprecated.
  context["ti"].xcom_push(key=key, value=value, execution_date=execution_date)

[2026-05-17T03:37:35.346+0000] {taskinstance.py:1138} INFO - Marking task as SUCCESS. dag_id=dataset_consumes_1, task_id=consuming_1, execution_date=20260517T033725, start_date=20260517T033729, end_date=20260517T033735
[2026-05-17T03:37:35.403+0000] {local_task_job_runner.py:234} INFO - Task exited with return code 0
[2026-05-17T03:37:35.433+0000] {taskinstance.py:3280} INFO - 0 downstream tasks scheduled from follow-on schedule check
